// Jest Snapshot v1, https://goo.gl/fbAQLP

exports[`validate call schema-utils validate 1`] = `
"Invalid options object. Mock has been initialized using an options object that does not match the API schema.
 - options has an unknown property 'baz' | should be any non-object. These properties are valid:
   object { foo?, bar? }
 - options.foo[0] should be a number.
 - options.foo[1] should be a number.
 - options.bar should be a string."
`;
